// Jest Snapshot v1, https://goo.gl/fbAQLP

exports[`<Html /> should render 1`] = `
<div>
  <div
    class="toto sc-bdVaJa fVTHwm"
  >
    <b>
      Hello
    </b>
     World
  </div>
</div>
`;
