// Jest Snapshot v1, https://goo.gl/fbAQLP

exports[`<SrOnly /> should render 1`] = `
.c0 {
  position: absolute;
  width: 1px;
  height: 1px;
  margin: -1px;
  padding: 0;
  overflow: hidden;
  -webkit-clip: rect(0,0,0,0);
  clip: rect(0,0,0,0);
  border: 0;
}

<div>
  <div
    class="c0"
  />
</div>
`;
