// Jest Snapshot v1, https://goo.gl/fbAQLP

exports[`<List /> should render 1`] = `
.c0 {
  margin: 0;
  padding: 0;
  list-style-type: none;
}

<div>
  <ul
    class="c0"
  >
    <li>
      un truc
    </li>
    <li>
      <p>
        Un autre truc
      </p>
    </li>
  </ul>
</div>
`;
