// Jest Snapshot v1, https://goo.gl/fbAQLP

exports[`<DocumentSuggester /> should render 1`] = `
<div>
  <label
    class="sc-htpNat jIcxBH"
    for="main-search-input"
  >
    <span
      class="hidden"
    >
      Rechercher
    </span>
    <div
      aria-expanded="false"
      aria-haspopup="listbox"
      aria-owns="react-autowhatever-cdtn-documents-suggester"
      role="combobox"
    >
      <input
        aria-autocomplete="list"
        aria-controls="react-autowhatever-cdtn-documents-suggester"
        autocomplete="off"
        id="main-search-input"
        name="query"
        placeholder="document suggester placeholder"
        type="search"
        value="foo bar search"
      />
      <div
        class="sc-bxivhb dCVcvH"
        id="react-autowhatever-cdtn-documents-suggester"
        role="listbox"
      />
    </div>
  </label>
</div>
`;

exports[`<DocumentSuggester /> should render suggestions 1`] = `
<div>
  <label
    class="sc-htpNat jIcxBH"
    for="main-search-input"
  >
    <span
      class="hidden"
    >
      Rechercher
    </span>
    <div
      aria-expanded="true"
      aria-haspopup="listbox"
      aria-owns="react-autowhatever-cdtn-documents-suggester"
      role="combobox"
    >
      <input
        aria-autocomplete="list"
        aria-controls="react-autowhatever-cdtn-documents-suggester"
        autocomplete="off"
        id="main-search-input"
        name="query"
        placeholder="search foo"
        type="search"
        value="foo bar search"
      />
      <div
        class="sc-bxivhb dCVcvH"
        id="react-autowhatever-cdtn-documents-suggester"
        role="listbox"
      >
        <ul
          role="listbox"
          style="margin: .5em 0px 0px 0px; padding: 0px 0px 0px 0px; border: 1px solid silver; border-radius: 3px; background: white; position: absolute; left: 0px; right: 0px; box-shadow: 0 10px 10px -10px #b7bcdf;"
        >
          <li
            aria-selected="false"
            data-suggestion-index="0"
            id="react-autowhatever-cdtn-documents-suggester--item-0"
            role="option"
            style="list-style-type: none; border-radius: 3px; padding: 5px; line-height: 2rem; cursor: pointer;"
          >
            <div
              class="sc-bdVaJa hpcrWB"
            >
              <div
                class="sc-ifAKCX bzUsHD"
              >
                <b>
                  hightlighted ccn
                </b>
              </div>
              <small
                class="sc-bwzfXH kGTrEC"
              >
                 - Legifrance
              </small>
            </div>
          </li>
          <li
            aria-selected="false"
            data-suggestion-index="1"
            id="react-autowhatever-cdtn-documents-suggester--item-1"
            role="option"
            style="list-style-type: none; border-radius: 3px; padding: 5px; line-height: 2rem; cursor: pointer;"
          >
            <div
              class="sc-bdVaJa hpcrWB"
            >
              <div
                class="sc-EHOje klVYHy"
              >
                question / r√©ponse title
              </div>
              <small
                class="sc-bwzfXH kGTrEC"
              >
                 - FAQ
              </small>
            </div>
          </li>
        </ul>
      </div>
    </div>
  </label>
</div>
`;
